Running TutorAgent for Science, Standard 8, Topics: ['Photosynthesis', 'Cell Structure']...

--- Result ---
Topics: ['Photosynthesis', 'Cell Structure']
Standard: 8
Subject: Science

Lessons:
Topic 1 (Photosynthesis):
  - Introduction to Photosynthesis
  - The Role of Light in Photosynthesis
  - Photosynthesis: The Process and Its Importance
  - Understanding the Equation for Photosynthesis
  - Factors Affecting Photosynthesis Rates
Topic 2 (Cell Structure):
  - Introduction to Cell Structure and Function
  - Exploring Cell Membranes and Transport
  - The Role of Organelles in Cellular Processes
  - Cell Division and the Cell Cycle
  - Understanding Cellular Specialization and Differentiation

Student Instructions:
As we begin these new science lessons, focus on understanding the key concepts and taking detailed notes, especially on topics like cells, photosynthesis, and simple machines. It's also essential to ask questions and clarify any doubts you have, so don't hesitate to reach out. Remember, science is all about curiosity and exploration, so stay engaged, have fun, and you'll be amazed at how much you can learn and achieve in this subject!
